// Jest Snapshot v1, https://goo.gl/fbAQLP

exports[`>>> CartInfo --- Snapshot +++capturing Snapshot of CartInfo 1`] = `
ShallowWrapper {
  Symbol(enzyme.__root__): [Circular],
  Symbol(enzyme.__unrendered__): <CartInfo
    currency="$"
    totalCount={5}
    totalPrice={103.78}
  />,
  Symbol(enzyme.__renderer__): Object {
    "batchedUpdates": [Function],
    "getNode": [Function],
    "render": [Function],
    "simulateError": [Function],
    "simulateEvent": [Function],
    "unmount": [Function],
  },
  Symbol(enzyme.__node__): Object {
    "instance": null,
    "key": undefined,
    "nodeType": "host",
    "props": Object {
      "children": Array [
        <div>
          Elements in cart: 5
        </div>,
        <div>
          Total price: $103.78
        </div>,
      ],
      "style": Object {
        "padding": 5,
        "pointerEvents": "none",
      },
    },
    "ref": null,
    "rendered": Array [
      Object {
        "instance": null,
        "key": undefined,
        "nodeType": "host",
        "props": Object {
          "children": "Elements in cart: 5",
        },
        "ref": null,
        "rendered": "Elements in cart: 5",
        "type": "div",
      },
      Object {
        "instance": null,
        "key": undefined,
        "nodeType": "host",
        "props": Object {
          "children": "Total price: $103.78",
        },
        "ref": null,
        "rendered": "Total price: $103.78",
        "type": "div",
      },
    ],
    "type": "div",
  },
  Symbol(enzyme.__nodes__): Array [
    Object {
      "instance": null,
      "key": undefined,
      "nodeType": "host",
      "props": Object {
        "children": Array [
          <div>
            Elements in cart: 5
          </div>,
          <div>
            Total price: $103.78
          </div>,
        ],
        "style": Object {
          "padding": 5,
          "pointerEvents": "none",
        },
      },
      "ref": null,
      "rendered": Array [
        Object {
          "instance": null,
          "key": undefined,
          "nodeType": "host",
          "props": Object {
            "children": "Elements in cart: 5",
          },
          "ref": null,
          "rendered": "Elements in cart: 5",
          "type": "div",
        },
        Object {
          "instance": null,
          "key": undefined,
          "nodeType": "host",
          "props": Object {
            "children": "Total price: $103.78",
          },
          "ref": null,
          "rendered": "Total price: $103.78",
          "type": "div",
        },
      ],
      "type": "div",
    },
  ],
  Symbol(enzyme.__options__): Object {
    "adapter": ReactSixteenAdapter {
      "options": Object {
        "enableComponentDidUpdateOnSetState": true,
        "lifecycles": Object {
          "componentDidUpdate": Object {
            "onSetState": true,
          },
          "getDerivedStateFromProps": true,
          "getSnapshotBeforeUpdate": true,
          "setState": Object {
            "skipsComponentDidUpdateOnNullish": true,
          },
        },
      },
    },
    "attachTo": undefined,
    "hydrateIn": undefined,
  },
}
`;
